new_obj.to_string()=[ 1.2, 3.4, 123456.78, 5.0, 2.3e10 ]
new_obj.to_string()=[1.2,3.4,123456.78,5.0,2.3e10]
